
> 1egacy-frontend@0.0.1 build
> npx --yes prisma generate && vite build

Environment variables loaded from .env
Prisma schema loaded from prisma\schema.prisma

Ô£ö Generated Prisma Client (v5.19.1) to .\node_modules\@prisma\client in 46ms

Start by importing your Prisma Client (See: https://pris.ly/d/importing-client)

Tip: Easily identify and fix slow SQL queries in your app. Optimize helps you enhance your visibility: https://pris.ly/--optimize


warn Versions of prisma@5.22.0 and @prisma/client@5.19.1 don't match.
This might lead to unexpected behavior.
Please make sure they have the same version.
[36mvite v7.1.9 [32mbuilding SSR bundle for production...[36m[39m
transforming...
node.exe : 12:22:02 p.m. [vite-plugin-svelte] src/routes/el-codice/noseslug/+page.svelte:68:8 
A form label must be associated with a control
En línea: 1 Carácter: 1
+ & "C:\Program Files\nodejs/node.exe" "C:\Program Files\nodejs/node_mo ...
+ ~~~~~~~~~~~~~~~~~~~~~~~~~~~~~~~~~~~~~~~~~~~~~~~~~~~~~~~~~~~~~~~~~~~~~
    + CategoryInfo          : NotSpecified: (12:22:02 p.m. [... with a control:String) [    ], 
RemoteException
    + FullyQualifiedErrorId : NativeCommandError
 
https://svelte.dev/e/a11y_label_has_associated_control
66: 
67:       <div class="space-y-4 mb-10">
68:         <label class="text-sm font-bold text-stone-900 uppercase tracking-wider">
                    ^
69:           Selecciona tu Acabado:
70:         </label>
12:22:03 p.m. [vite-plugin-svelte] src/routes/autor/[slug]/+page.svelte:157:4 Unused CSS 
selector ".author-articles"
https://svelte.dev/e/css_unused_selector
155: 
156:     /* Estilos opcionales para lista de art├¡culos */
157:     .author-articles {
                         ^
158:         margin-top: 4rem;
159:         padding-top: 2rem;
12:22:03 p.m. [vite-plugin-svelte] src/routes/autor/[slug]/+page.svelte:162:4 Unused CSS 
selector ".author-articles h2"
https://svelte.dev/e/css_unused_selector
160:         border-top: 1px solid #333;
161:     }
162:     .author-articles h2 {
                            ^
163:         font-size: 1.8rem;
164:         margin-bottom: 1.5rem;
12:22:03 p.m. [vite-plugin-svelte] src/routes/autor/[slug]/+page.svelte:166:4 Unused CSS 
selector ".author-articles ul"
https://svelte.dev/e/css_unused_selector
164:         margin-bottom: 1.5rem;
165:     }
166:     .author-articles ul {
                            ^
167:         list-style: none;
168:         padding: 0;
12:22:03 p.m. [vite-plugin-svelte] src/routes/autor/[slug]/+page.svelte:170:4 Unused CSS 
selector ".author-articles li"
https://svelte.dev/e/css_unused_selector
168:         padding: 0;
169:     }
170:     .author-articles li {
                            ^
171:         margin-bottom: 0.8rem;
172:     }
12:22:03 p.m. [vite-plugin-svelte] src/routes/autor/[slug]/+page.svelte:173:4 Unused CSS 
selector ".author-articles a"
https://svelte.dev/e/css_unused_selector
171:         margin-bottom: 0.8rem;
172:     }
173:     .author-articles a {
                           ^
174:         text-decoration: none;
175:     }
12:22:03 p.m. [vite-plugin-svelte] src/routes/carrito/+page.svelte:146:24 A form label must be 
associated with a control
https://svelte.dev/e/a11y_label_has_associated_control
144:                     <h3 class="title-serif summary-title">Datos de Entrega</h3>
145:                     <div class="form-group">
146:                         <label>Nombre Completo</label>
                                                           ^
147:                         <input type="text" bind:value={contactInfo.name} placeholder="Ej: 
Ricardo Garza" class="input-dark">
148:                     </div>
12:22:03 p.m. [vite-plugin-svelte] src/routes/carrito/+page.svelte:150:24 A form label must be 
associated with a control
https://svelte.dev/e/a11y_label_has_associated_control
148:                     </div>
149:                     <div class="form-group">
150:                         <label>Correo Electr├│nico</label>
                                                              ^
151:                         <input type="email" bind:value={contactInfo.email} 
placeholder="tu@email.com" class="input-dark">
152:                     </div>
12:22:03 p.m. [vite-plugin-svelte] src/routes/carrito/+page.svelte:155:24 A form label must be 
associated with a control
https://svelte.dev/e/a11y_label_has_associated_control
153:                     
154:                     <div class="form-group">
155:                         <label>Tel├®fono / WhatsApp</label>
                                                               ^
156:                         <input type="tel" bind:value={contactInfo.phone} 
placeholder="81..." class="input-dark">
157:                     </div>
12:22:03 p.m. [vite-plugin-svelte] src/routes/carrito/+page.svelte:160:24 A form label must be 
associated with a control
https://svelte.dev/e/a11y_label_has_associated_control
158: 
159:                     <div class="form-group">
160:                         <label>Zona de Env├¡o</label>
                                                         ^
161:                         <div class="radio-group">
162:                             <label class="radio-option {contactInfo.shippingZone === 
'mty' ? 'selected' : ''}">
12:22:03 p.m. [vite-plugin-svelte] src/routes/demo-innovacion/[apellido]/+page.svelte:420:4 
Unused CSS selector ".free-content-badge"
https://svelte.dev/e/css_unused_selector
418:     }
419: 
420:     .free-content-badge { display: inline-block; background: rgba(192, 160, 98, 0.1); 
border: 1px dashed rgba(192, 160, 98, 0.4); padding: 8px 16px; border-radius: 6px; 
margin-bottom: 25px; }
                            ^
421:     .free-content-badge span { color: #d4af37; font-size: 0.85rem; letter-spacing: 0.5px;}
422: 
12:22:03 p.m. [vite-plugin-svelte] src/routes/demo-innovacion/[apellido]/+page.svelte:421:4 
Unused CSS selector ".free-content-badge span"
https://svelte.dev/e/css_unused_selector
419: 
420:     .free-content-badge { display: inline-block; background: rgba(192, 160, 98, 0.1); 
border: 1px dashed rgba(192, 160, 98, 0.4); padding: 8px 16px; border-radius: 6px; 
margin-bottom: 25px; }
421:     .free-content-badge span { color: #d4af37; font-size: 0.85rem; letter-spacing: 0.5px;}
                                 ^
422: 
423:     .unlock-form {
12:22:03 p.m. [vite-plugin-svelte] src/routes/demo-innovacion/[apellido]/+page.svelte:488:4 
Unused CSS selector ".magic-link-simulator"
https://svelte.dev/e/css_unused_selector
486:     .verification-mode { border-color: #666; }
487:     .icon-mail { font-size: 2rem; margin-bottom: 10px; }
488:     .magic-link-simulator { margin-top: 25px; padding-top: 20px; border-top: 1px dashed 
#444; }
                              ^
489:     .micro-note-dev { font-size: 0.8rem; color: #888; margin-bottom: 10px; font-style: 
italic; }
490:     .verified-btn { background: #222; color: #d4af37; border: 1px solid #d4af37; }
12:22:03 p.m. [vite-plugin-svelte] src/routes/demo-innovacion/[apellido]/+page.svelte:489:4 
Unused CSS selector ".micro-note-dev"
https://svelte.dev/e/css_unused_selector
487:     .icon-mail { font-size: 2rem; margin-bottom: 10px; }
488:     .magic-link-simulator { margin-top: 25px; padding-top: 20px; border-top: 1px dashed 
#444; }
489:     .micro-note-dev { font-size: 0.8rem; color: #888; margin-bottom: 10px; font-style: 
italic; }
                        ^
490:     .verified-btn { background: #222; color: #d4af37; border: 1px solid #d4af37; }
491:     .verified-btn:hover { background: #d4af37; color: #000; }
12:22:03 p.m. [vite-plugin-svelte] src/routes/demo-innovacion/[apellido]/+page.svelte:490:4 
Unused CSS selector ".verified-btn"
https://svelte.dev/e/css_unused_selector
488:     .magic-link-simulator { margin-top: 25px; padding-top: 20px; border-top: 1px dashed 
#444; }
489:     .micro-note-dev { font-size: 0.8rem; color: #888; margin-bottom: 10px; font-style: 
italic; }
490:     .verified-btn { background: #222; color: #d4af37; border: 1px solid #d4af37; }
                      ^
491:     .verified-btn:hover { background: #d4af37; color: #000; }
492: 
12:22:03 p.m. [vite-plugin-svelte] src/routes/demo-innovacion/[apellido]/+page.svelte:491:4 
Unused CSS selector ".verified-btn:hover"
https://svelte.dev/e/css_unused_selector
489:     .micro-note-dev { font-size: 0.8rem; color: #888; margin-bottom: 10px; font-style: 
italic; }
490:     .verified-btn { background: #222; color: #d4af37; border: 1px solid #d4af37; }
491:     .verified-btn:hover { background: #d4af37; color: #000; }
                            ^
492: 
493:     @keyframes fade-in { 0% { opacity: 0; transform: translateY(10px); } 100% { opacity: 
1; transform: translateY(0); } }
12:22:03 p.m. [vite-plugin-svelte] src/routes/demo/+page.svelte:107:16 Visible, 
non-interactive elements with a click event must be accompanied by a keyboard event handler. 
Consider whether an interactive element such as `<button type="button">` or `<a>` might be 
more appropriate
https://svelte.dev/e/a11y_click_events_have_key_events
105:                 </p>
106:                 
107:                 <div class="mt-16 animate-bounce cursor-pointer" on:click={() => 
scrollTo('origen')}>
                           ^
108:                     <div class="w-6 h-10 border-2 border-[#C0A062] rounded-full flex 
justify-center p-1">
109:                         <div class="w-1 h-3 bg-[#C0A062] rounded-full"></div>
12:22:03 p.m. [vite-plugin-svelte] src/routes/demo/+page.svelte:107:16 `<div>` with a click 
handler must have an ARIA role
https://svelte.dev/e/a11y_no_static_element_interactions
105:                 </p>
106:                 
107:                 <div class="mt-16 animate-bounce cursor-pointer" on:click={() => 
scrollTo('origen')}>
                           ^
108:                     <div class="w-6 h-10 border-2 border-[#C0A062] rounded-full flex 
justify-center p-1">
109:                         <div class="w-1 h-3 bg-[#C0A062] rounded-full"></div>
12:22:03 p.m. [vite-plugin-svelte] src/routes/demo/+page.svelte:167:24 Visible, 
non-interactive elements with a click event must be accompanied by a keyboard event handler. 
Consider whether an interactive element such as `<button type="button">` or `<a>` might be 
more appropriate
https://svelte.dev/e/a11y_click_events_have_key_events
165:                 <div class="w-full md:w-1/3 relative border-l-2 border-dashed 
border-[#C0A062]/50 pl-8 ml-4 md:ml-0">
166:                     {#each timelineEvents as event}
167:                         <div 
                                   ^
168:                             class="mb-10 relative cursor-pointer group"
169:                             on:click={() => activeTimelineEvent = event.id}
12:22:03 p.m. [vite-plugin-svelte] src/routes/demo/+page.svelte:167:24 `<div>` with a click 
handler must have an ARIA role
https://svelte.dev/e/a11y_no_static_element_interactions
165:                 <div class="w-full md:w-1/3 relative border-l-2 border-dashed 
border-[#C0A062]/50 pl-8 ml-4 md:ml-0">
166:                     {#each timelineEvents as event}
167:                         <div 
                                   ^
168:                             class="mb-10 relative cursor-pointer group"
169:                             on:click={() => activeTimelineEvent = event.id}
12:22:03 p.m. [vite-plugin-svelte] src/routes/origins/[apellido]/+page.svelte:516:4 Unused CSS 
selector ".sr-only"
https://svelte.dev/e/css_unused_selector
514: 
515: <style>
516:     .sr-only {
                 ^
517:         position: absolute;
518:         width: 1px;
12:22:03 p.m. [vite-plugin-svelte] src/routes/origins/[apellido]/+page.svelte:1037:4 Unused 
CSS selector ".magic-link-simulator"
https://svelte.dev/e/css_unused_selector
1035:         margin-bottom: 10px;
1036:     }
1037:     .magic-link-simulator {
                               ^
1038:         margin-top: 25px;
1039:         padding-top: 20px;
12:22:03 p.m. [vite-plugin-svelte] src/routes/origins/[apellido]/+page.svelte:1042:4 Unused 
CSS selector ".micro-note-dev"
https://svelte.dev/e/css_unused_selector
1040:         border-top: 1px dashed #444;
1041:     }
1042:     .micro-note-dev {
                         ^
1043:         font-size: 0.8rem;
1044:         color: #888;
12:22:03 p.m. [vite-plugin-svelte] src/routes/origins/[apellido]/+page.svelte:1048:4 Unused 
CSS selector ".verified-btn"
https://svelte.dev/e/css_unused_selector
1046:         font-style: italic;
1047:     }
1048:     .verified-btn {
                       ^
1049:         background: #222;
1050:         color: #d4af37;
12:22:03 p.m. [vite-plugin-svelte] src/routes/origins/[apellido]/+page.svelte:1053:4 Unused 
CSS selector ".verified-btn:hover"
https://svelte.dev/e/css_unused_selector
1051:         border: 1px solid #d4af37;
1052:     }
1053:     .verified-btn:hover {
                             ^
1054:         background: #d4af37;
1055:         color: #000;
12:22:03 p.m. [vite-plugin-svelte] src/routes/solicitar-consulta/+page.svelte:225:24 Unused 
CSS selector "h3.title-serif"
https://svelte.dev/e/css_unused_selector
223:         margin: 0; background-color: #121212; color: #e0e0e0; line-height: 1.7; }
224:     
225:     h1, h2.title-serif, h3.title-serif { font-family: "Palatino Linotype", "Book 
Antiqua", Palatino, serif;
                                           ^
226:         font-weight: 400; color: #f5f5f5; text-shadow: 0 1px 3px rgba(0,0,0,0.5); }
227:     
12:22:03 p.m. [vite-plugin-svelte] src/routes/solicitar-consulta/+page.svelte:281:4 Unused CSS 
selector "form.submitted input:invalid"
https://svelte.dev/e/css_unused_selector
279: 
280:     /* ESTADO INV├üLIDO */
281:     form.submitted input:invalid,
                                     ^
282:     form.submitted textarea:invalid,
283:     form.submitted select:invalid {
12:22:03 p.m. [vite-plugin-svelte] src/routes/solicitar-consulta/+page.svelte:282:4 Unused CSS 
selector "form.submitted textarea:invalid"
https://svelte.dev/e/css_unused_selector
280:     /* ESTADO INV├üLIDO */
281:     form.submitted input:invalid,
282:     form.submitted textarea:invalid,
                                        ^
283:     form.submitted select:invalid {
284:          border-color: #e53e3e;
12:22:03 p.m. [vite-plugin-svelte] src/routes/solicitar-consulta/+page.svelte:283:4 Unused CSS 
selector "form.submitted select:invalid"
https://svelte.dev/e/css_unused_selector
281:     form.submitted input:invalid,
282:     form.submitted textarea:invalid,
283:     form.submitted select:invalid {
                                      ^
284:          border-color: #e53e3e;
285:          box-shadow: 0 0 0 3px rgba(229, 62, 62, 0.2);
12:22:03 p.m. [vite-plugin-svelte] src/routes/pedido/exito/+page.svelte:105:2 Unused CSS 
selector ".order-id"
https://svelte.dev/e/css_unused_selector
103:   }
104: 
105:   .order-id {
                ^
106:     color: #fff;
107:     font-family: monospace;
12:22:03 p.m. [vite-plugin-svelte] src/routes/contacto/+page.svelte:87:8 Unused CSS selector 
"h2.title-serif"
https://svelte.dev/e/css_unused_selector
85:     }
86: 
87:     h1, h2.title-serif {
                          ^
88:          font-family: "Palatino Linotype", "Book Antiqua", Palatino, serif;
89:          font-weight: 400;
12:22:03 p.m. [vite-plugin-svelte] src/components/Navbar.svelte:91:2 Visible, non-interactive 
elements with a click event must be accompanied by a keyboard event handler. Consider whether 
an interactive element such as `<button type="button">` or `<a>` might be more appropriate
https://svelte.dev/e/a11y_click_events_have_key_events
89: 
90: {#if isMobileMenuOpen}
91:   <div class="overlay" on:click={closeMenu} transition:fade={{ duration: 200 }}></div>
                                                                                          ^
92: {/if}
93: 
12:22:03 p.m. [vite-plugin-svelte] src/components/Navbar.svelte:91:2 `<div>` with a click 
handler must have an ARIA role
https://svelte.dev/e/a11y_no_static_element_interactions
89: 
90: {#if isMobileMenuOpen}
91:   <div class="overlay" on:click={closeMenu} transition:fade={{ duration: 200 }}></div>
                                                                                          ^
92: {/if}
93: 
12:22:03 p.m. [vite-plugin-svelte] src/components/LinajeModal.svelte:44:4 Visible, 
non-interactive elements with a click event must be accompanied by a keyboard event handler. 
Consider whether an interactive element such as `<button type="button">` or `<a>` might be 
more appropriate
https://svelte.dev/e/a11y_click_events_have_key_events
42:     transition:fade={{ duration: 300 }}>
43: 
44:     <div class="modal-content" on:click|stopPropagation transition:fade={{ duration: 300, 
delay: 150 }}>
              ^
45:         
46:         <h2>{apellido}</h2>
12:22:03 p.m. [vite-plugin-svelte] src/components/LinajeModal.svelte:44:4 `<div>` with a click 
handler must have an ARIA role
https://svelte.dev/e/a11y_no_static_element_interactions
42:     transition:fade={{ duration: 300 }}>
43: 
44:     <div class="modal-content" on:click|stopPropagation transition:fade={{ duration: 300, 
delay: 150 }}>
              ^
45:         
46:         <h2>{apellido}</h2>
[32mÔ£ô[39m 307 modules transformed.
rendering chunks...

node:internal/event_target:1101
  process.nextTick(() => { throw err; });
                           ^
Error: Parameter 'slug' in route /blog/[slug] cannot start or end with a slash -- this would 
cause an invalid route like foo//bar
    at 
file:///C:/Users/edyKzaz/1egacy-frontend/node_modules/@sveltejs/kit/src/utils/routing.js:260:13
    at String.replace (<anonymous>)
    at 
file:///C:/Users/edyKzaz/1egacy-frontend/node_modules/@sveltejs/kit/src/utils/routing.js:249:13
    at Array.map (<anonymous>)
    at resolve_route (file:///C:/Users/edyKzaz/1egacy-frontend/node_modules/@sveltejs/kit/src/u
tils/routing.js:248:5)
    at file:///C:/Users/edyKzaz/1egacy-frontend/node_modules/@sveltejs/kit/src/core/postbuild/a
nalyse.js:166:56
    at Array.map (<anonymous>)
    at analyse (file:///C:/Users/edyKzaz/1egacy-frontend/node_modules/@sveltejs/kit/src/core/po
stbuild/analyse.js:166:34)
    at process.processTicksAndRejections (node:internal/process/task_queues:105:5)
    at async MessagePort.<anonymous> 
(file:///C:/Users/edyKzaz/1egacy-frontend/node_modules/@sveltejs/kit/src/utils/fork.js:23:16)

Node.js v22.20.0
